Archive member included to satisfy reference by file (symbol)

C:/ST/STM32CubeIDE_1.13.2/STM32CubeIDE/plugins/com.st.stm32cube.ide.mcu.externaltools.gnu-tools-for-stm32.11.3.rel1.win32_1.1.1.202309131626/tools/bin/../lib/gcc/arm-none-eabi/11.3.1/../../../../arm-none-eabi/lib/thumb/v7e-m/nofp\libc_nano.a(libc_a-exit.o)
                              C:/ST/STM32CubeIDE_1.13.2/STM32CubeIDE/plugins/com.st.stm32cube.ide.mcu.externaltools.gnu-tools-for-stm32.11.3.rel1.win32_1.1.1.202309131626/tools/bin/../lib/gcc/arm-none-eabi/11.3.1/../../../../arm-none-eabi/lib/thumb/v7e-m/nofp/crt0.o (exit)
C:/ST/STM32CubeIDE_1.13.2/STM32CubeIDE/plugins/com.st.stm32cube.ide.mcu.externaltools.gnu-tools-for-stm32.11.3.rel1.win32_1.1.1.202309131626/tools/bin/../lib/gcc/arm-none-eabi/11.3.1/../../../../arm-none-eabi/lib/thumb/v7e-m/nofp\libc_nano.a(libc_a-findfp.o)
                              C:/ST/STM32CubeIDE_1.13.2/STM32CubeIDE/plugins/com.st.stm32cube.ide.mcu.externaltools.gnu-tools-for-stm32.11.3.rel1.win32_1.1.1.202309131626/tools/bin/../lib/gcc/arm-none-eabi/11.3.1/../../../../arm-none-eabi/lib/thumb/v7e-m/nofp\libc_nano.a(libc_a-exit.o) (__stdio_exit_handler)
C:/ST/STM32CubeIDE_1.13.2/STM32CubeIDE/plugins/com.st.stm32cube.ide.mcu.externaltools.gnu-tools-for-stm32.11.3.rel1.win32_1.1.1.202309131626/tools/bin/../lib/gcc/arm-none-eabi/11.3.1/../../../../arm-none-eabi/lib/thumb/v7e-m/nofp\libc_nano.a(libc_a-fwalk.o)
                              C:/ST/STM32CubeIDE_1.13.2/STM32CubeIDE/plugins/com.st.stm32cube.ide.mcu.externaltools.gnu-tools-for-stm32.11.3.rel1.win32_1.1.1.202309131626/tools/bin/../lib/gcc/arm-none-eabi/11.3.1/../../../../arm-none-eabi/lib/thumb/v7e-m/nofp\libc_nano.a(libc_a-findfp.o) (_fwalk_sglue)
C:/ST/STM32CubeIDE_1.13.2/STM32CubeIDE/plugins/com.st.stm32cube.ide.mcu.externaltools.gnu-tools-for-stm32.11.3.rel1.win32_1.1.1.202309131626/tools/bin/../lib/gcc/arm-none-eabi/11.3.1/../../../../arm-none-eabi/lib/thumb/v7e-m/nofp\libc_nano.a(libc_a-stdio.o)
                              C:/ST/STM32CubeIDE_1.13.2/STM32CubeIDE/plugins/com.st.stm32cube.ide.mcu.externaltools.gnu-tools-for-stm32.11.3.rel1.win32_1.1.1.202309131626/tools/bin/../lib/gcc/arm-none-eabi/11.3.1/../../../../arm-none-eabi/lib/thumb/v7e-m/nofp\libc_nano.a(libc_a-findfp.o) (__sread)
C:/ST/STM32CubeIDE_1.13.2/STM32CubeIDE/plugins/com.st.stm32cube.ide.mcu.externaltools.gnu-tools-for-stm32.11.3.rel1.win32_1.1.1.202309131626/tools/bin/../lib/gcc/arm-none-eabi/11.3.1/../../../../arm-none-eabi/lib/thumb/v7e-m/nofp\libc_nano.a(libc_a-memset.o)
                              C:/ST/STM32CubeIDE_1.13.2/STM32CubeIDE/plugins/com.st.stm32cube.ide.mcu.externaltools.gnu-tools-for-stm32.11.3.rel1.win32_1.1.1.202309131626/tools/bin/../lib/gcc/arm-none-eabi/11.3.1/../../../../arm-none-eabi/lib/thumb/v7e-m/nofp/crt0.o (memset)
C:/ST/STM32CubeIDE_1.13.2/STM32CubeIDE/plugins/com.st.stm32cube.ide.mcu.externaltools.gnu-tools-for-stm32.11.3.rel1.win32_1.1.1.202309131626/tools/bin/../lib/gcc/arm-none-eabi/11.3.1/../../../../arm-none-eabi/lib/thumb/v7e-m/nofp\libc_nano.a(libc_a-closer.o)
                              C:/ST/STM32CubeIDE_1.13.2/STM32CubeIDE/plugins/com.st.stm32cube.ide.mcu.externaltools.gnu-tools-for-stm32.11.3.rel1.win32_1.1.1.202309131626/tools/bin/../lib/gcc/arm-none-eabi/11.3.1/../../../../arm-none-eabi/lib/thumb/v7e-m/nofp\libc_nano.a(libc_a-stdio.o) (_close_r)
C:/ST/STM32CubeIDE_1.13.2/STM32CubeIDE/plugins/com.st.stm32cube.ide.mcu.externaltools.gnu-tools-for-stm32.11.3.rel1.win32_1.1.1.202309131626/tools/bin/../lib/gcc/arm-none-eabi/11.3.1/../../../../arm-none-eabi/lib/thumb/v7e-m/nofp\libc_nano.a(libc_a-reent.o)
                              C:/ST/STM32CubeIDE_1.13.2/STM32CubeIDE/plugins/com.st.stm32cube.ide.mcu.externaltools.gnu-tools-for-stm32.11.3.rel1.win32_1.1.1.202309131626/tools/bin/../lib/gcc/arm-none-eabi/11.3.1/../../../../arm-none-eabi/lib/thumb/v7e-m/nofp\libc_nano.a(libc_a-closer.o) (errno)
C:/ST/STM32CubeIDE_1.13.2/STM32CubeIDE/plugins/com.st.stm32cube.ide.mcu.externaltools.gnu-tools-for-stm32.11.3.rel1.win32_1.1.1.202309131626/tools/bin/../lib/gcc/arm-none-eabi/11.3.1/../../../../arm-none-eabi/lib/thumb/v7e-m/nofp\libc_nano.a(libc_a-impure.o)
                              C:/ST/STM32CubeIDE_1.13.2/STM32CubeIDE/plugins/com.st.stm32cube.ide.mcu.externaltools.gnu-tools-for-stm32.11.3.rel1.win32_1.1.1.202309131626/tools/bin/../lib/gcc/arm-none-eabi/11.3.1/../../../../arm-none-eabi/lib/thumb/v7e-m/nofp\libc_nano.a(libc_a-reent.o) (_impure_ptr)
C:/ST/STM32CubeIDE_1.13.2/STM32CubeIDE/plugins/com.st.stm32cube.ide.mcu.externaltools.gnu-tools-for-stm32.11.3.rel1.win32_1.1.1.202309131626/tools/bin/../lib/gcc/arm-none-eabi/11.3.1/../../../../arm-none-eabi/lib/thumb/v7e-m/nofp\libc_nano.a(libc_a-lseekr.o)
[...]
Memory Configuration

Name             Origin             Length             Attributes
RAM              0x0000000020000000 0x0000000000010000 xrw
RAM2             0x0000000010000000 0x0000000000008000 xrw
FLASH            0x0000000008000000 0x0000000000040000 xr
*default*        0x0000000000000000 0xffffffffffffffff

Linker script and memory map

LOAD C:/ST/STM32CubeIDE_1.13.2/STM32CubeIDE/plugins/com.st.stm32cube.ide.mcu.externaltools.gnu-tools-for-stm32.11.3.rel1.win32_1.1.1.202309131626/tools/bin/../lib/gcc/arm-none-eabi/11.3.1/thumb/v7e-m/nofp/crti.o
LOAD C:/ST/STM32CubeIDE_1.13.2/STM32CubeIDE/plugins/com.st.stm32cube.ide.mcu.externaltools.gnu-tools-for-stm32.11.3.rel1.win32_1.1.1.202309131626/tools/bin/../lib/gcc/arm-none-eabi/11.3.1/thumb/v7e-m/nofp/crtbegin.o
LOAD C:/ST/STM32CubeIDE_1.13.2/STM32CubeIDE/plugins/com.st.stm32cube.ide.mcu.externaltools.gnu-tools-for-stm32.11.3.rel1.win32_1.1.1.202309131626/tools/bin/../lib/gcc/arm-none-eabi/11.3.1/../../../../arm-none-eabi/lib/thumb/v7e-m/nofp/crt0.o
LOAD ./Core/Src/adc.o
LOAD ./Core/Src/gpio.o
LOAD ./Core/Src/i2c.o
LOAD ./Core/Src/main.o
LOAD ./Core/Src/stm32wlxx_hal_msp.o
LOAD ./Core/Src/stm32wlxx_it.o
LOAD ./Core/Src/syscalls.o
LOAD ./Core/Src/sysmem.o
LOAD ./Core/Src/system_stm32wlxx.o
LOAD ./Core/Src/usart.o
LOAD ./Core/Startup/startup_stm32wl55jcix.o
LOAD ./Drivers/STM32WLxx_HAL_Driver/Src/stm32wlxx_hal.o
LOAD ./Drivers/STM32WLxx_HAL_Driver/Src/stm32wlxx_hal_adc.o
LOAD ./Drivers/STM32WLxx_HAL_Driver/Src/stm32wlxx_hal_adc_ex.o
LOAD ./Drivers/STM32WLxx_HAL_Driver/Src/stm32wlxx_hal_cortex.o
LOAD ./Drivers/STM32WLxx_HAL_Driver/Src/stm32wlxx_hal_dma.o
LOAD ./Drivers/STM32WLxx_HAL_Driver/Src/stm32wlxx_hal_dma_ex.o
LOAD ./Drivers/STM32WLxx_HAL_Driver/Src/stm32wlxx_hal_exti.o
LOAD ./Drivers/STM32WLxx_HAL_Driver/Src/stm32wlxx_hal_flash.o
LOAD ./Drivers/STM32WLxx_HAL_Driver/Src/stm32wlxx_hal_flash_ex.o
LOAD ./Drivers/STM32WLxx_HAL_Driver/Src/stm32wlxx_hal_gpio.o
LOAD ./Drivers/STM32WLxx_HAL_Driver/Src/stm32wlxx_hal_i2c.o
LOAD ./Drivers/STM32WLxx_HAL_Driver/Src/stm32wlxx_hal_i2c_ex.o
LOAD ./Drivers/STM32WLxx_HAL_Driver/Src/stm32wlxx_hal_pwr.o
LOAD ./Drivers/STM32WLxx_HAL_Driver/Src/stm32wlxx_hal_pwr_ex.o
LOAD ./Drivers/STM32WLxx_HAL_Driver/Src/stm32wlxx_hal_rcc.o
LOAD ./Drivers/STM32WLxx_HAL_Driver/Src/stm32wlxx_hal_rcc_ex.o
LOAD ./Drivers/STM32WLxx_HAL_Driver/Src/stm32wlxx_hal_tim.o
LOAD ./Drivers/STM32WLxx_HAL_Driver/Src/stm32wlxx_hal_tim_ex.o
LOAD ./Drivers/STM32WLxx_HAL_Driver/Src/stm32wlxx_hal_uart.o
LOAD ./Drivers/STM32WLxx_HAL_Driver/Src/stm32wlxx_hal_uart_ex.o
LOAD ./Drivers/STM32WLxx_HAL_Driver/Src/stm32wlxx_ll_adc.o
START GROUP
LOAD C:/ST/STM32CubeIDE_1.13.2/STM32CubeIDE/plugins/com.st.stm32cube.ide.mcu.externaltools.gnu-tools-for-stm32.11.3.rel1.win32_1.1.1.202309131626/tools/bin/../lib/gcc/arm-none-eabi/11.3.1/../../../../arm-none-eabi/lib/thumb/v7e-m/nofp\libc_nano.a
LOAD C:/ST/STM32CubeIDE_1.13.2/STM32CubeIDE/plugins/com.st.stm32cube.ide.mcu.externaltools.gnu-tools-for-stm32.11.3.rel1.win32_1.1.1.202309131626/tools/bin/../lib/gcc/arm-none-eabi/11.3.1/../../../../arm-none-eabi/lib/thumb/v7e-m/nofp\libm.a
END GROUP
START GROUP
LOAD C:/ST/STM32CubeIDE_1.13.2/STM32CubeIDE/plugins/com.st.stm32cube.ide.mcu.externaltools.gnu-tools-for-stm32.11.3.rel1.win32_1.1.1.202309131626/tools/bin/../lib/gcc/arm-none-eabi/11.3.1/thumb/v7e-m/nofp\libgcc.a
LOAD C:/ST/STM32CubeIDE_1.13.2/STM32CubeIDE/plugins/com.st.stm32cube.ide.mcu.externaltools.gnu-tools-for-stm32.11.3.rel1.win32_1.1.1.202309131626/tools/bin/../lib/gcc/arm-none-eabi/11.3.1/../../../../arm-none-eabi/lib/thumb/v7e-m/nofp\libc_nano.a
END GROUP
START GROUP
LOAD C:/ST/STM32CubeIDE_1.13.2/STM32CubeIDE/plugins/com.st.stm32cube.ide.mcu.externaltools.gnu-tools-for-stm32.11.3.rel1.win32_1.1.1.202309131626/tools/bin/../lib/gcc/arm-none-eabi/11.3.1/thumb/v7e-m/nofp\libgcc.a
LOAD C:/ST/STM32CubeIDE_1.13.2/STM32CubeIDE/plugins/com.st.stm32cube.ide.mcu.externaltools.gnu-tools-for-stm32.11.3.rel1.win32_1.1.1.202309131626/tools/bin/../lib/gcc/arm-none-eabi/11.3.1/../../../../arm-none-eabi/lib/thumb/v7e-m/nofp\libc_nano.a
LOAD C:/ST/STM32CubeIDE_1.13.2/STM32CubeIDE/plugins/com.st.stm32cube.ide.mcu.externaltools.gnu-tools-for-stm32.11.3.rel1.win32_1.1.1.202309131626/tools/bin/../lib/gcc/arm-none-eabi/11.3.1/../../../../arm-none-eabi/lib/thumb/v7e-m/nofp\libnosys.a
END GROUP
START GROUP
LOAD C:/ST/STM32CubeIDE_1.13.2/STM32CubeIDE/plugins/com.st.stm32cube.ide.mcu.externaltools.gnu-tools-for-stm32.11.3.rel1.win32_1.1.1.202309131626/tools/bin/../lib/gcc/arm-none-eabi/11.3.1/thumb/v7e-m/nofp\libgcc.a
LOAD C:/ST/STM32CubeIDE_1.13.2/STM32CubeIDE/plugins/com.st.stm32cube.ide.mcu.externaltools.gnu-tools-for-stm32.11.3.rel1.win32_1.1.1.202309131626/tools/bin/../lib/gcc/arm-none-eabi/11.3.1/../../../../arm-none-eabi/lib/thumb/v7e-m/nofp\libc_nano.a
LOAD C:/ST/STM32CubeIDE_1.13.2/STM32CubeIDE/plugins/com.st.stm32cube.ide.mcu.externaltools.gnu-tools-for-stm32.11.3.rel1.win32_1.1.1.202309131626/tools/bin/../lib/gcc/arm-none-eabi/11.3.1/../../../../arm-none-eabi/lib/thumb/v7e-m/nofp\libnosys.a
END GROUP
LOAD C:/ST/STM32CubeIDE_1.13.2/STM32CubeIDE/plugins/com.st.stm32cube.ide.mcu.externaltools.gnu-tools-for-stm32.11.3.rel1.win32_1.1.1.202309131626/tools/bin/../lib/gcc/arm-none-eabi/11.3.1/thumb/v7e-m/nofp/crtend.o
LOAD C:/ST/STM32CubeIDE_1.13.2/STM32CubeIDE/plugins/com.st.stm32cube.ide.mcu.externaltools.gnu-tools-for-stm32.11.3.rel1.win32_1.1.1.202309131626/tools/bin/../lib/gcc/arm-none-eabi/11.3.1/thumb/v7e-m/nofp/crtn.o
                0x0000000020010000                _estack = (ORIGIN (RAM) + LENGTH (RAM))
                0x0000000000000200                _Min_Heap_Size = 0x200
                0x0000000000000400                _Min_Stack_Size = 0x400

.isr_vector     0x0000000008000000      0x138
                0x0000000008000000                . = ALIGN (0x4)
 *(.isr_vector)
 .isr_vector    0x0000000008000000      0x138 ./Core/Startup/startup_stm32wl55jcix.o
                0x0000000008000000                g_pfnVectors
                0x0000000008000138                . = ALIGN (0x4)

.text           0x0000000008000138      0x174
                0x0000000008000138                . = ALIGN (0x4)
 *(.text)
 .text          0x0000000008000138       0x40 C:/ST/STM32CubeIDE_1.13.2/STM32CubeIDE/plugins/com.st.stm32cube.ide.mcu.externaltools.gnu-tools-for-stm32.11.3.rel1.win32_1.1.1.202309131626/tools/bin/../lib/gcc/arm-none-eabi/11.3.1/thumb/v7e-m/nofp/crtbegin.o
 *(.text*)
 .text.NMI_Handler
                0x0000000008000178        0x6 ./Core/Src/stm32wlxx_it.o
                0x0000000008000178                NMI_Handler
 .text.HardFault_Handler
                0x000000000800017e        0x6 ./Core/Src/stm32wlxx_it.o
                0x000000000800017e                HardFault_Handler
 .text.MemManage_Handler
                0x0000000008000184        0x6 ./Core/Src/stm32wlxx_it.o
                0x0000000008000184                MemManage_Handler
 .text.BusFault_Handler
                0x000000000800018a        0x6 ./Core/Src/stm32wlxx_it.o
                0x000000000800018a                BusFault_Handler
 .text.UsageFault_Handler
                0x0000000008000190        0x6 ./Core/Src/stm32wlxx_it.o
                0x0000000008000190                UsageFault_Handler
 .text.SVC_Handler
                0x0000000008000196        0xc ./Core/Src/stm32wlxx_it.o
                0x0000000008000196                SVC_Handler
 .text.DebugMon_Handler
                0x00000000080001a2        0xc ./Core/Src/stm32wlxx_it.o
                0x00000000080001a2                DebugMon_Handler
 .text.PendSV_Handler
                0x00000000080001ae        0xc ./Core/Src/stm32wlxx_it.o
                0x00000000080001ae                PendSV_Handler
 .text.SysTick_Handler
                0x00000000080001ba        0xc ./Core/Src/stm32wlxx_it.o
                0x00000000080001ba                SysTick_Handler
 .text.SystemInit
                0x00000000080001c6        0xc ./Core/Src/system_stm32wlxx.o
                0x00000000080001c6                SystemInit
 *fill*         0x00000000080001d2        0x2 
 .text.Reset_Handler
                0x00000000080001d4       0x50 ./Core/Startup/startup_stm32wl55jcix.o
                0x00000000080001d4                Reset_Handler
 .text.Default_Handler
                0x0000000008000224        0x2 ./Core/Startup/startup_stm32wl55jcix.o
                0x0000000008000224                RTC_Alarm_IRQHandler
                0x0000000008000224                EXTI2_IRQHandler
                0x0000000008000224                TIM1_CC_IRQHandler
                0x0000000008000224                EXTI3_IRQHandler
                0x0000000008000224                LPTIM2_IRQHandler
                0x0000000008000224                I2C3_ER_IRQHandler
                0x0000000008000224                LPTIM3_IRQHandler
                0x0000000008000224                EXTI0_IRQHandler
                0x0000000008000224                I2C2_EV_IRQHandler
                0x0000000008000224                TAMP_STAMP_LSECSS_SSRU_IRQHandler
                0x0000000008000224                SPI1_IRQHandler
                0x0000000008000224                DMA2_Channel2_IRQHandler
                0x0000000008000224                DMA1_Channel4_IRQHandler
                0x0000000008000224                PKA_IRQHandler
                0x0000000008000224                TIM17_IRQHandler
                0x0000000008000224                DMA1_Channel7_IRQHandler
                0x0000000008000224                SUBGHZSPI_IRQHandler
                0x0000000008000224                IPCC_C1_TX_IRQHandler
                0x0000000008000224                DMA2_Channel1_IRQHandler
                0x0000000008000224                I2C1_EV_IRQHandler
                0x0000000008000224                SUBGHZ_Radio_IRQHandler
                0x0000000008000224                DMAMUX1_OVR_IRQHandler
                0x0000000008000224                DMA1_Channel6_IRQHandler
                0x0000000008000224                TIM16_IRQHandler
                0x0000000008000224                DMA2_Channel4_IRQHandler
                0x0000000008000224                RCC_IRQHandler
                0x0000000008000224                TIM1_TRG_COM_IRQHandler
                0x0000000008000224                DMA1_Channel1_IRQHandler
                0x0000000008000224                Default_Handler
                0x0000000008000224                DMA2_Channel7_IRQHandler
                0x0000000008000224                EXTI15_10_IRQHandler
                0x0000000008000224                IPCC_C1_RX_IRQHandler
                0x0000000008000224                ADC_IRQHandler
                0x0000000008000224                C2SEV_PWR_C2H_IRQHandler
                0x0000000008000224                I2C3_EV_IRQHandler
                0x0000000008000224                EXTI9_5_IRQHandler
                0x0000000008000224                RTC_WKUP_IRQHandler
                0x0000000008000224                PVD_PVM_IRQHandler
                0x0000000008000224                SPI2_IRQHandler
                0x0000000008000224                DMA2_Channel5_IRQHandler
                0x0000000008000224                DMA1_Channel5_IRQHandler
                0x0000000008000224                EXTI4_IRQHandler
                0x0000000008000224                RNG_IRQHandler
                0x0000000008000224                DMA1_Channel3_IRQHandler
                0x0000000008000224                COMP_IRQHandler
                0x0000000008000224                HSEM_IRQHandler
                0x0000000008000224                TIM1_UP_IRQHandler
                0x0000000008000224                WWDG_IRQHandler
                0x0000000008000224                LPUART1_IRQHandler
                0x0000000008000224                DMA2_Channel6_IRQHandler
                0x0000000008000224                TIM2_IRQHandler
                0x0000000008000224                TIM1_BRK_IRQHandler
                0x0000000008000224                DAC_IRQHandler
                0x0000000008000224                EXTI1_IRQHandler
                0x0000000008000224                AES_IRQHandler
                0x0000000008000224                USART2_IRQHandler
                0x0000000008000224                I2C2_ER_IRQHandler
                0x0000000008000224                DMA1_Channel2_IRQHandler
                0x0000000008000224                FLASH_IRQHandler
                0x0000000008000224                USART1_IRQHandler
                0x0000000008000224                I2C1_ER_IRQHandler
                0x0000000008000224                LPTIM1_IRQHandler
                0x0000000008000224                DMA2_Channel3_IRQHandler
 *fill*         0x0000000008000226        0x2 
 .text.HAL_IncTick
                0x0000000008000228       0x24 ./Drivers/STM32WLxx_HAL_Driver/Src/stm32wlxx_hal.o
                0x0000000008000228                HAL_IncTick
 .text.__libc_init_array
                0x000000000800024c       0x48 C:/ST/STM32CubeIDE_1.13.2/STM32CubeIDE/plugins/com.st.stm32cube.ide.mcu.externaltools.gnu-tools-for-stm32.11.3.rel1.win32_1.1.1.202309131626/tools/bin/../lib/gcc/arm-none-eabi/11.3.1/../../../../arm-none-eabi/lib/thumb/v7e-m/nofp\libc_nano.a(libc_a-init.o)
                0x000000000800024c                __libc_init_array
 *(.glue_7)
 .glue_7        0x0000000008000294        0x0 linker stubs
 *(.glue_7t)
 .glue_7t       0x0000000008000294        0x0 linker stubs
 *(.eh_frame)
 .eh_frame      0x0000000008000294        0x0 C:/ST/STM32CubeIDE_1.13.2/STM32CubeIDE/plugins/com.st.stm32cube.ide.mcu.externaltools.gnu-tools-for-stm32.11.3.rel1.win32_1.1.1.202309131626/tools/bin/../lib/gcc/arm-none-eabi/11.3.1/thumb/v7e-m/nofp/crtbegin.o
 *(.init)
 .init          0x0000000008000294        0x4 C:/ST/STM32CubeIDE_1.13.2/STM32CubeIDE/plugins/com.st.stm32cube.ide.mcu.externaltools.gnu-tools-for-stm32.11.3.rel1.win32_1.1.1.202309131626/tools/bin/../lib/gcc/arm-none-eabi/11.3.1/thumb/v7e-m/nofp/crti.o
                0x0000000008000294                _init
 .init          0x0000000008000298        0x8 C:/ST/STM32CubeIDE_1.13.2/STM32CubeIDE/plugins/com.st.stm32cube.ide.mcu.externaltools.gnu-tools-for-stm32.11.3.rel1.win32_1.1.1.202309131626/tools/bin/../lib/gcc/arm-none-eabi/11.3.1/thumb/v7e-m/nofp/crtn.o
 *(.fini)
 .fini          0x00000000080002a0        0x4 C:/ST/STM32CubeIDE_1.13.2/STM32CubeIDE/plugins/com.st.stm32cube.ide.mcu.externaltools.gnu-tools-for-stm32.11.3.rel1.win32_1.1.1.202309131626/tools/bin/../lib/gcc/arm-none-eabi/11.3.1/thumb/v7e-m/nofp/crti.o
                0x00000000080002a0                _fini
 .fini          0x00000000080002a4        0x8 C:/ST/STM32CubeIDE_1.13.2/STM32CubeIDE/plugins/com.st.stm32cube.ide.mcu.externaltools.gnu-tools-for-stm32.11.3.rel1.win32_1.1.1.202309131626/tools/bin/../lib/gcc/arm-none-eabi/11.3.1/thumb/v7e-m/nofp/crtn.o
                0x00000000080002ac                . = ALIGN (0x4)
                0x00000000080002ac                _etext = .

.vfp11_veneer   0x00000000080002ac        0x0
 .vfp11_veneer  0x00000000080002ac        0x0 linker stubs

.v4_bx          0x00000000080002ac        0x0
 .v4_bx         0x00000000080002ac        0x0 linker stubs

.iplt           0x00000000080002ac        0x0
 .iplt          0x00000000080002ac        0x0 C:/ST/STM32CubeIDE_1.13.2/STM32CubeIDE/plugins/com.st.stm32cube.ide.mcu.externaltools.gnu-tools-for-stm32.11.3.rel1.win32_1.1.1.202309131626/tools/bin/../lib/gcc/arm-none-eabi/11.3.1/thumb/v7e-m/nofp/crtbegin.o

.rel.dyn        0x00000000080002ac        0x0
 .rel.iplt      0x00000000080002ac        0x0 C:/ST/STM32CubeIDE_1.13.2/STM32CubeIDE/plugins/com.st.stm32cube.ide.mcu.externaltools.gnu-tools-for-stm32.11.3.rel1.win32_1.1.1.202309131626/tools/bin/../lib/gcc/arm-none-eabi/11.3.1/thumb/v7e-m/nofp/crtbegin.o

.rodata         0x00000000080002ac        0x0
                0x00000000080002ac                . = ALIGN (0x4)
 *(.rodata)
 *(.rodata*)
                0x00000000080002ac                . = ALIGN (0x4)

.ARM.extab      0x00000000080002ac        0x0
                0x00000000080002ac                . = ALIGN (0x4)
 *(.ARM.extab* .gnu.linkonce.armextab.*)
                0x00000000080002ac                . = ALIGN (0x4)

.ARM            0x00000000080002ac        0x0
                0x00000000080002ac                . = ALIGN (0x4)
                0x00000000080002ac                __exidx_start = .
 *(.ARM.exidx*)
                0x00000000080002ac                __exidx_end = .
                0x00000000080002ac                . = ALIGN (0x4)

.preinit_array  0x00000000080002ac        0x0
                0x00000000080002ac                . = ALIGN (0x4)
                0x00000000080002ac                PROVIDE (__preinit_array_start = .)
 *(.preinit_array*)
                0x00000000080002ac                PROVIDE (__preinit_array_end = .)
                0x00000000080002ac                . = ALIGN (0x4)

.init_array     0x00000000080002ac        0x4
                0x00000000080002ac                . = ALIGN (0x4)
                0x00000000080002ac                PROVIDE (__init_array_start = .)
 *(SORT_BY_NAME(.init_array.*))
 *(.init_array*)
 .init_array    0x00000000080002ac        0x4 C:/ST/STM32CubeIDE_1.13.2/STM32CubeIDE/plugins/com.st.stm32cube.ide.mcu.externaltools.gnu-tools-for-stm32.11.3.rel1.win32_1.1.1.202309131626/tools/bin/../lib/gcc/arm-none-eabi/11.3.1/thumb/v7e-m/nofp/crtbegin.o
                0x00000000080002b0                PROVIDE (__init_array_end = .)
                0x00000000080002b0                . = ALIGN (0x4)

.fini_array     0x00000000080002b0        0x4
                0x00000000080002b0                . = ALIGN (0x4)
                [!provide]                        PROVIDE (__fini_array_start = .)
 *(SORT_BY_NAME(.fini_array.*))
 *(.fini_array*)
 .fini_array    0x00000000080002b0        0x4 C:/ST/STM32CubeIDE_1.13.2/STM32CubeIDE/plugins/com.st.stm32cube.ide.mcu.externaltools.gnu-tools-for-stm32.11.3.rel1.win32_1.1.1.202309131626/tools/bin/../lib/gcc/arm-none-eabi/11.3.1/thumb/v7e-m/nofp/crtbegin.o
                [!provide]                        PROVIDE (__fini_array_end = .)
                0x00000000080002b4                . = ALIGN (0x4)
                0x00000000080002b4                _sidata = LOADADDR (.data)

.data           0x0000000020000000        0x4 load address 0x00000000080002b4
                0x0000000020000000                . = ALIGN (0x4)
                0x0000000020000000                _sdata = .
 *(.data)
 *(.data*)
 .data.uwTickFreq
                0x0000000020000000        0x1 ./Drivers/STM32WLxx_HAL_Driver/Src/stm32wlxx_hal.o
                0x0000000020000000                uwTickFreq
 *(.RamFunc)
 *(.RamFunc*)
                0x0000000020000004                . = ALIGN (0x4)
 *fill*         0x0000000020000001        0x3 
                0x0000000020000004                _edata = .

.igot.plt       0x0000000020000004        0x0 load address 0x00000000080002b8
 .igot.plt      0x0000000020000004        0x0 C:/ST/STM32CubeIDE_1.13.2/STM32CubeIDE/plugins/com.st.stm32cube.ide.mcu.externaltools.gnu-tools-for-stm32.11.3.rel1.win32_1.1.1.202309131626/tools/bin/../lib/gcc/arm-none-eabi/11.3.1/thumb/v7e-m/nofp/crtbegin.o
                0x0000000020000004                . = ALIGN (0x4)

.bss            0x0000000020000004       0x20 load address 0x00000000080002b8
                0x0000000020000004                _sbss = .
                0x0000000020000004                __bss_start__ = _sbss
 *(.bss)
 .bss           0x0000000020000004       0x1c C:/ST/STM32CubeIDE_1.13.2/STM32CubeIDE/plugins/com.st.stm32cube.ide.mcu.externaltools.gnu-tools-for-stm32.11.3.rel1.win32_1.1.1.202309131626/tools/bin/../lib/gcc/arm-none-eabi/11.3.1/thumb/v7e-m/nofp/crtbegin.o
 *(.bss*)
 .bss.uwTick    0x0000000020000020        0x4 ./Drivers/STM32WLxx_HAL_Driver/Src/stm32wlxx_hal.o
                0x0000000020000020                uwTick
 *(COMMON)
                0x0000000020000024                . = ALIGN (0x4)
                0x0000000020000024                _ebss = .
                0x0000000020000024                __bss_end__ = _ebss

._user_heap_stack
                0x0000000020000024      0x604 load address 0x00000000080002b8
                0x0000000020000028                . = ALIGN (0x8)
 *fill*         0x0000000020000024        0x4 
                [!provide]                        PROVIDE (end = .)
                0x0000000020000028                PROVIDE (_end = .)
                0x0000000020000228                . = (. + _Min_Heap_Size)
 *fill*         0x0000000020000028      0x200 
                0x0000000020000628                . = (. + _Min_Stack_Size)
 *fill*         0x0000000020000228      0x400 
                0x0000000020000628                . = ALIGN (0x8)

/DISCARD/
 libc.a(*)
 libm.a(*)
 libgcc.a(*)

.ARM.attributes
                0x0000000000000000       0x2a
 *(.ARM.attributes)
 .ARM.attributes
                0x0000000000000000       0x1e C:/ST/STM32CubeIDE_1.13.2/STM32CubeIDE/plugins/com.st.stm32cube.ide.mcu.externaltools.gnu-tools-for-stm32.11.3.rel1.win32_1.1.1.202309131626/tools/bin/../lib/gcc/arm-none-eabi/11.3.1/thumb/v7e-m/nofp/crti.o
 .ARM.attributes
                0x000000000000001e       0x2e C:/ST/STM32CubeIDE_1.13.2/STM32CubeIDE/plugins/com.st.stm32cube.ide.mcu.externaltools.gnu-tools-for-stm32.11.3.rel1.win32_1.1.1.202309131626/tools/bin/../lib/gcc/arm-none-eabi/11.3.1/thumb/v7e-m/nofp/crtbegin.o
 .ARM.attributes
                0x000000000000004c       0x2e ./Core/Src/stm32wlxx_it.o
 .ARM.attributes
                0x000000000000007a       0x2e ./Core/Src/system_stm32wlxx.o
 .ARM.attributes
                0x00000000000000a8       0x21 ./Core/Startup/startup_stm32wl55jcix.o
 .ARM.attributes
                0x00000000000000c9       0x2e ./Drivers/STM32WLxx_HAL_Driver/Src/stm32wlxx_hal.o
 .ARM.attributes
                0x00000000000000f7       0x2e C:/ST/STM32CubeIDE_1.13.2/STM32CubeIDE/plugins/com.st.stm32cube.ide.mcu.externaltools.gnu-tools-for-stm32.11.3.rel1.win32_1.1.1.202309131626/tools/bin/../lib/gcc/arm-none-eabi/11.3.1/../../../../arm-none-eabi/lib/thumb/v7e-m/nofp\libc_nano.a(libc_a-init.o)
 .ARM.attributes
                0x0000000000000125       0x1e C:/ST/STM32CubeIDE_1.13.2/STM32CubeIDE/plugins/com.st.stm32cube.ide.mcu.externaltools.gnu-tools-for-stm32.11.3.rel1.win32_1.1.1.202309131626/tools/bin/../lib/gcc/arm-none-eabi/11.3.1/thumb/v7e-m/nofp/crtn.o
OUTPUT(stm32.elf elf32-littlearm)
LOAD linker stubs
LOAD C:/ST/STM32CubeIDE_1.13.2/STM32CubeIDE/plugins/com.st.stm32cube.ide.mcu.externaltools.gnu-tools-for-stm32.11.3.rel1.win32_1.1.1.202309131626/tools/bin/../lib/gcc/arm-none-eabi/11.3.1/../../../../arm-none-eabi/lib/thumb/v7e-m/nofp\libc.a
LOAD C:/ST/STM32CubeIDE_1.13.2/STM32CubeIDE/plugins/com.st.stm32cube.ide.mcu.externaltools.gnu-tools-for-stm32.11.3.rel1.win32_1.1.1.202309131626/tools/bin/../lib/gcc/arm-none-eabi/11.3.1/../../../../arm-none-eabi/lib/thumb/v7e-m/nofp\libm.a
LOAD C:/ST/STM32CubeIDE_1.13.2/STM32CubeIDE/plugins/com.st.stm32cube.ide.mcu.externaltools.gnu-tools-for-stm32.11.3.rel1.win32_1.1.1.202309131626/tools/bin/../lib/gcc/arm-none-eabi/11.3.1/thumb/v7e-m/nofp\libgcc.a

.comment        0x0000000000000000       0x43
 .comment       0x0000000000000000       0x43 C:/ST/STM32CubeIDE_1.13.2/STM32CubeIDE/plugins/com.st.stm32cube.ide.mcu.externaltools.gnu-tools-for-stm32.11.3.rel1.win32_1.1.1.202309131626/tools/bin/../lib/gcc/arm-none-eabi/11.3.1/thumb/v7e-m/nofp/crtbegin.o
                                         0x44 (size before relaxing)
 .comment       0x0000000000000043       0x44 ./Core/Src/stm32wlxx_it.o
 .comment       0x0000000000000043       0x44 ./Core/Src/system_stm32wlxx.o
 .comment       0x0000000000000043       0x44 ./Drivers/STM32WLxx_HAL_Driver/Src/stm32wlxx_hal.o

.debug_info     0x0000000000000000     0x17f4
 .debug_info    0x0000000000000000      0x157 ./Core/Src/stm32wlxx_it.o
 .debug_info    0x0000000000000157      0x515 ./Core/Src/system_stm32wlxx.o
 .debug_info    0x000000000000066c       0x23 ./Core/Startup/startup_stm32wl55jcix.o
 .debug_info    0x000000000000068f     0x1165 ./Drivers/STM32WLxx_HAL_Driver/Src/stm32wlxx_hal.o

.debug_abbrev   0x0000000000000000      0x540
 .debug_abbrev  0x0000000000000000       0xac ./Core/Src/stm32wlxx_it.o
 .debug_abbrev  0x00000000000000ac      0x13e ./Core/Src/system_stm32wlxx.o
 .debug_abbrev  0x00000000000001ea       0x12 ./Core/Startup/startup_stm32wl55jcix.o
 .debug_abbrev  0x00000000000001fc      0x344 ./Drivers/STM32WLxx_HAL_Driver/Src/stm32wlxx_hal.o

.debug_aranges  0x0000000000000000      0x2f0
 .debug_aranges
                0x0000000000000000       0x60 ./Core/Src/stm32wlxx_it.o
 .debug_aranges
                0x0000000000000060       0x28 ./Core/Src/system_stm32wlxx.o
 .debug_aranges
                0x0000000000000088       0x28 ./Core/Startup/startup_stm32wl55jcix.o
 .debug_aranges
                0x00000000000000b0      0x240 ./Drivers/STM32WLxx_HAL_Driver/Src/stm32wlxx_hal.o

.debug_rnglists
                0x0000000000000000      0x221
 .debug_rnglists
                0x0000000000000000       0x43 ./Core/Src/stm32wlxx_it.o
 .debug_rnglists
                0x0000000000000043       0x1a ./Core/Src/system_stm32wlxx.o
 .debug_rnglists
                0x000000000000005d       0x19 ./Core/Startup/startup_stm32wl55jcix.o
 .debug_rnglists
                0x0000000000000076      0x1ab ./Drivers/STM32WLxx_HAL_Driver/Src/stm32wlxx_hal.o

.debug_macro    0x0000000000000000      0x6fb
 .debug_macro   0x0000000000000000      0x255 ./Core/Src/stm32wlxx_it.o
 .debug_macro   0x0000000000000255      0x241 ./Core/Src/system_stm32wlxx.o
 .debug_macro   0x0000000000000496      0x265 ./Drivers/STM32WLxx_HAL_Driver/Src/stm32wlxx_hal.o

.debug_line     0x0000000000000000     0x21f7
 .debug_line    0x0000000000000000      0x8eb ./Core/Src/stm32wlxx_it.o
 .debug_line    0x00000000000008eb      0x8bc ./Core/Src/system_stm32wlxx.o
 .debug_line    0x00000000000011a7       0x7b ./Core/Startup/startup_stm32wl55jcix.o
 .debug_line    0x0000000000001222      0xfd5 ./Drivers/STM32WLxx_HAL_Driver/Src/stm32wlxx_hal.o

.debug_str      0x0000000000000000    0xb3691
 .debug_str     0x0000000000000000    0xb26d1 ./Core/Src/stm32wlxx_it.o
                                      0xb2eea (size before relaxing)
 .debug_str     0x00000000000b26d1      0x233 ./Core/Src/system_stm32wlxx.o
                                      0xb30da (size before relaxing)
 .debug_str     0x00000000000b2904       0x34 ./Core/Startup/startup_stm32wl55jcix.o
                                         0x7a (size before relaxing)
 .debug_str     0x00000000000b2938      0xd59 ./Drivers/STM32WLxx_HAL_Driver/Src/stm32wlxx_hal.o
                                      0xb3ec2 (size before relaxing)

.debug_frame    0x0000000000000000      0xad0
 .debug_frame   0x0000000000000000      0x104 ./Core/Src/stm32wlxx_it.o
 .debug_frame   0x0000000000000104       0x58 ./Core/Src/system_stm32wlxx.o
 .debug_frame   0x000000000000015c      0x948 ./Drivers/STM32WLxx_HAL_Driver/Src/stm32wlxx_hal.o
 .debug_frame   0x0000000000000aa4       0x2c C:/ST/STM32CubeIDE_1.13.2/STM32CubeIDE/plugins/com.st.stm32cube.ide.mcu.externaltools.gnu-tools-for-stm32.11.3.rel1.win32_1.1.1.202309131626/tools/bin/../lib/gcc/arm-none-eabi/11.3.1/../../../../arm-none-eabi/lib/thumb/v7e-m/nofp\libc_nano.a(libc_a-init.o)

.debug_line_str
                0x0000000000000000       0x6e
 .debug_line_str
                0x0000000000000000       0x6e ./Core/Startup/startup_stm32wl55jcix.o
                                         0x86 (size before relaxing)
